// Jest Snapshot v1, https://goo.gl/fbAQLP

exports[`scryfall types objects Suite Should match what's expected 1`] = `
Object {
  "colorAbbrvs": Array [
    "W",
    "U",
    "B",
    "R",
    "G",
  ],
  "finishes": Array [
    "etched",
    "glossy",
    "nonfoil",
    "foil",
  ],
  "imageVersions": Array [
    "small",
    "normal",
    "large",
    "png",
    "art_crop",
    "border_crop",
  ],
  "layouts": Array [
    "art_series",
    "augment",
    "emblem",
    "host",
    "leveler",
    "meld",
    "normal",
    "planar",
    "saga",
    "scheme",
    "token",
    "vanguard",
    "adventure",
    "flip",
    "split",
    "double_faced_token",
    "double_sided",
    "modal_dfc",
    "transform",
  ],
  "legalities": Array [
    "banned",
    "legal",
    "not_legal",
    "restricted",
  ],
  "multifaceLayouts": Array [
    "adventure",
    "flip",
    "split",
    "double_faced_token",
    "double_sided",
    "modal_dfc",
    "transform",
  ],
  "multisideLayouts": Array [
    "double_faced_token",
    "double_sided",
    "modal_dfc",
    "transform",
  ],
  "rarities": Array [
    "bonus",
    "common",
    "mythic",
    "rare",
    "special",
    "uncommon",
  ],
  "relatedComponents": Array [
    "combo_piece",
    "meld_part",
    "meld_result",
    "token",
  ],
}
`;
