// Jest Snapshot v1, https://goo.gl/fbAQLP

exports[`App Suite Should match the snapshot 1`] = `
<DocumentFragment>
  <div
    class="App"
  >
    <div
      class="MuiBox-root css-0"
    >
      <div
        class="MuiContainer-root MuiContainer-maxWidthLg MuiContainer-fixed css-1-MuiContainer-root"
      >
        <div
          id="Home"
        >
          {}
        </div>
      </div>
    </div>
  </div>
</DocumentFragment>
`;
