// Jest Snapshot v1, https://goo.gl/fbAQLP

exports[`AdvancedSearchLinkButton Suite Should match the snapshot 1`] = `
<DocumentFragment>
  <div
    data-testingid="router-link-mock"
    to="/search/advanced"
  >
    <button
      class="MuiButtonBase-root MuiButton-root MuiButton-contained MuiButton-containedPrimary MuiButton-sizeMedium MuiButton-containedSizeMedium MuiButton-root MuiButton-contained MuiButton-containedPrimary MuiButton-sizeMedium MuiButton-containedSizeMedium css-0-MuiButtonBase-root-MuiButton-root"
      tabindex="0"
      type="button"
    >
      Advanced Search
      <span
        class="MuiTouchRipple-root css-1-MuiTouchRipple-root"
      />
    </button>
  </div>
</DocumentFragment>
`;
